2026-05-18T23:37:45.656251Z INFO patchpaneld[1913]: INFO patchpaneld: [../../../../../tmp/portage/chromeos-base/patchpanel-0.0.2-r1674/work/patchpanel-0.0.2/patchpanel/network_monitor_service.cc:339] NUD state changed on wlan0 for { addr: 192.168.40.1, role: gateway and dns_server, state: NUD_NONE }, old_state=NUD_REACHABLE
2026-05-18T23:37:45.683007Z INFO shill[912]: INFO shill: [../../../../../tmp/portage/chromeos-base/shill-0.0.6-r5533/work/shill-0.0.6/shill/wifi/wifi.cc:1215] WiFi wlan0 CurrentBSS /fi/w1/wpa_supplicant1/Interfaces/0/BSSs/107 -> /fi/w1/wpa_supplicant1/Interfaces/0/BSSs/175
2026-05-18T23:37:45.683561Z INFO shill[912]: INFO shill: [../../../../../tmp/portage/chromeos-base/shill-0.0.6-r5533/work/shill-0.0.6/shill/wifi/wifi_service.cc:1497] wlan0 wifi_psk_1 sid=3 UpdateFromEndpoints: sig: -72, sec: wpa2+wpa3, freq: 5300
2026-05-18T23:37:45.683965Z INFO shill[912]: INFO shill: [../../../../../tmp/portage/chromeos-base/shill-0.0.6-r5533/work/shill-0.0.6/shill/wifi/wifi_service.cc:1135] wlan0 wifi_psk_1 sid=3 EmitDisconnectionEvent: unexpected disconnection, type: 2, reason code: 0
2026-05-18T23:37:45.685443Z INFO shill[912]: INFO shill: [../../../../../tmp/portage/chromeos-base/shill-0.0.6-r5533/work/shill-0.0.6/shill/device.cc:445] wlan0 wifi_psk_1 sid=3 SelectService(wifi_psk_1)
2026-05-18T23:37:45.685486Z INFO shill[912]: INFO shill: [../../../../../tmp/portage/chromeos-base/shill-0.0.6-r5533/work/shill-0.0.6/shill/wifi/wifi.cc:2707] WiFi wlan0 StateChanged completed -> authenticating
2026-05-18T23:37:45.738002Z NOTICE wpa_supplicant[704]: Trying to associate with 06:e4:ce:e6:2e:b2 (SSID='e811455728ef' freq=5300 MHz)
2026-05-18T23:37:45.738783Z INFO shill[912]: INFO shill: [../../../../../tmp/portage/chromeos-base/shill-0.0.6-r5533/work/shill-0.0.6/shill/wifi/wifi.cc:2707] WiFi wlan0 StateChanged authenticating -> associating
2026-05-18T23:37:45.754723Z NOTICE wpa_supplicant[704]: wlan0: Associated with 06:e4:ce:e6:2e:b2
2026-05-18T23:37:45.755217Z NOTICE wpa_supplicant[704]: wlan0: CTRL-EVENT-SUBNET-STATUS-UPDATE status=0
2026-05-18T23:37:45.760362Z INFO shill[912]: INFO shill: [../../../../../tmp/portage/chromeos-base/shill-0.0.6-r5533/work/shill-0.0.6/shill/wifi/wifi.cc:1215] WiFi wlan0 CurrentBSS /fi/w1/wpa_supplicant1/Interfaces/0/BSSs/175 -> /fi/w1/wpa_supplicant1/Interfaces/0/BSSs/175
2026-05-18T23:37:45.760834Z INFO shill[912]: INFO shill: [../../../../../tmp/portage/chromeos-base/shill-0.0.6-r5533/work/shill-0.0.6/shill/device.cc:445] wlan0 wifi_psk_1 sid=3 SelectService(wifi_psk_1)
2026-05-18T23:37:45.760870Z INFO shill[912]: INFO shill: [../../../../../tmp/portage/chromeos-base/shill-0.0.6-r5533/work/shill-0.0.6/shill/wifi/wifi.cc:2707] WiFi wlan0 StateChanged associating -> 4way_handshake
2026-05-18T23:37:45.772468Z NOTICE wpa_supplicant[704]: wlan0: WPA: Key negotiation completed with 06:e4:ce:e6:2e:b2 [PTK=CCMP GTK=CCMP]
2026-05-18T23:37:45.772532Z NOTICE wpa_supplicant[704]: wlan0: CTRL-EVENT-CONNECTED - Connection to 06:e4:ce:e6:2e:b2 completed [id=0 id_str=]
2026-05-18T23:37:45.778075Z INFO shill[912]: INFO shill: [../../../../../tmp/portage/chromeos-base/shill-0.0.6-r5533/work/shill-0.0.6/shill/wifi/wifi.cc:2707] WiFi wlan0 StateChanged 4way_handshake -> completed
2026-05-18T23:37:45.778258Z INFO shill[912]: INFO shill: [../../../../../tmp/portage/chromeos-base/shill-0.0.6-r5533/work/shill-0.0.6/shill/wifi/wifi.cc:2759] wlan0 renewing L3 configuration after roam.
2026-05-18T23:37:45.782401Z INFO dhcpcd[15410]: received SIGHUP, rebinding
2026-05-18T23:37:45.787576Z INFO dhcpcd[15410]: wlan0: rebinding lease of 192.168.40.207
2026-05-18T23:37:45.793012Z INFO dhcpcd[15410]: wlan0: sending REQUEST (xid 0xaf3958a3), next in 3.3 seconds
2026-05-18T23:37:45.796831Z INFO shill[912]: INFO shill: [../../../../../tmp/portage/chromeos-base/shill-0.0.6-r5533/work/shill-0.0.6/shill/network/dhcpcd_proxy.cc:171] wlan0 wifi_psk_1 sid=3 GetEventReason: Ignore the reason: RECONFIGURE
2026-05-18T23:37:46.151224Z INFO patchpaneld[1913]: INFO patchpaneld: [../../../../../tmp/portage/chromeos-base/patchpanel-0.0.2-r1674/work/patchpanel-0.0.2/patchpanel/network_monitor_service.cc:339] NUD state changed on wlan0 for { addr: 192.168.40.1, role: gateway and dns_server, state: NUD_REACHABLE }, old_state=NUD_NONE
2026-05-18T23:37:49.111480Z INFO dhcpcd[15410]: wlan0: sending REQUEST (xid 0xaf3958a3), next in 7.8 seconds
2026-05-18T23:37:49.120514Z INFO dhcpcd[15410]: wlan0: received ACK with xid 0xaf3958a3
2026-05-18T23:37:49.120535Z INFO dhcpcd[15410]: wlan0: acknowledged 192.168.40.207 from 192.168.40.1
2026-05-18T23:37:49.120546Z INFO dhcpcd[15410]: wlan0: leased 192.168.40.207 for 43200 seconds
2026-05-18T23:37:49.130951Z INFO shill[912]: INFO shill: [../../../../../tmp/portage/chromeos-base/shill-0.0.6-r5533/work/shill-0.0.6/shill/network/network.cc:575] wlan0 wifi_psk_1 sid=3 OnIPConfigUpdatedFromDHCP: DHCP lease acquired {IPv4 address: 192.168.40.207/24, IPv4 broadcast: 192.168.40.255, IPv4 gateway: 192.168.40.1, IPv6 addresses: [], DNS: [192.168.40.1], search domains: 1, mtu: 1500}
2026-05-18T23:37:49.133093Z INFO shill[912]: INFO shill: [../../../../../tmp/portage/chromeos-base/shill-0.0.6-r5533/work/shill-0.0.6/shill/network/network.cc:343] wlan0 wifi_psk_1 sid=3 SetupConnection: family: IPv4, is_slaac: 0
2026-05-18T23:37:49.133502Z NOTICE wpa_supplicant[704]: wlan0: CTRL-EVENT-SIGNAL-CHANGE above=0 signal=-69 noise=9999 txrate=29200
2026-05-18T23:37:49.136858Z INFO patchpaneld[1913]: INFO patchpaneld: [../../../../../tmp/portage/chromeos-base/patchpanel-0.0.2-r1674/work/patchpanel-0.0.2/patchpanel/manager.cc:1098] ConfigureNetwork on wlan0(2, sid=3): {IPv4 address: 192.168.40.207/24, IPv4 broadcast: 192.168.40.255, IPv4 gateway: 192.168.40.1, IPv6 addresses: [], DNS: [192.168.40.1], search domains: 1, mtu: 1500}, priority {0, primary_logical, primary_physical, primary_for_dns}, area 0x70007
2026-05-18T23:37:49.137784Z INFO shill[912]: INFO shill: [../../../../../tmp/portage/chromeos-base/shill-0.0.6-r5533/work/shill-0.0.6/shill/network/network.cc:387] wlan0 wifi_psk_1 sid=3 OnSetupConnectionFinished: success: true
2026-05-18T23:37:49.141411Z INFO shill[912]: INFO shill: [../../../../../tmp/portage/chromeos-base/shill-0.0.6-r5533/work/shill-0.0.6/shill/network/network_monitor.cc:158] wlan0 wifi_psk_1 sid=3 StartValidationTask(NetworkConnectionUpdate)
2026-05-18T23:37:49.141477Z INFO shill[912]: INFO shill: [../../../../../tmp/portage/chromeos-base/shill-0.0.6-r5533/work/shill-0.0.6/shill/network/portal_detector.cc:169] wlan0 wifi_psk_1 sid=3 detection StartHttpProbe: { num_attempts=1, IPv4, HTTP probe connectivitycheck.gstatic.com in-flight, HTTPS probe not started, is_complete=false}
2026-05-18T23:37:49.141936Z INFO shill[912]: INFO shill: [../../../../../tmp/portage/chromeos-base/shill-0.0.6-r5533/work/shill-0.0.6/shill/network/portal_detector.cc:191] wlan0 wifi_psk_1 sid=3 detection StartHttpsProbe: { num_attempts=1, IPv4, HTTP probe connectivitycheck.gstatic.com in-flight, HTTPS probe www.google.com in-flight, is_complete=false}
2026-05-18T23:37:49.269027Z INFO shill[912]: INFO shill: [../../../../../tmp/portage/chromeos-base/shill-0.0.6-r5533/work/shill-0.0.6/shill/network/http_request.cc:252] wlan0 wifi_psk_1 sid=3 detection HTTP probe GetDNSResult: Resolved connectivitycheck.gstatic.com to 142.251.210.99 in 0.127353 s
2026-05-18T23:37:49.406681Z INFO shill[912]: INFO shill: [../../../../../tmp/portage/chromeos-base/shill-0.0.6-r5533/work/shill-0.0.6/shill/network/http_request.cc:252] wlan0 wifi_psk_1 sid=3 detection HTTPS probe GetDNSResult: Resolved www.google.com to 142.251.152.119,142.251.150.119,142.251.155.119,142.251.154.119,142.251.157.119,142.251.151.119,142.251.156.119,142.251.153.119 in 0.26445 s
2026-05-18T23:37:49.424248Z INFO shill[912]: INFO shill: [../../../../../tmp/portage/chromeos-base/shill-0.0.6-r5533/work/shill-0.0.6/shill/network/portal_detector.cc:272] wlan0 wifi_psk_1 sid=3 detection ProcessHTTPProbeResult: { num_attempts=1, IPv4, HTTP probe connectivitycheck.gstatic.com result=Success code=204 content-length=0 duration=0.282757 s, HTTPS probe www.google.com in-flight, is_complete=false}
2026-05-18T23:37:49.469218Z INFO shill[912]: INFO shill: [../../../../../tmp/portage/chromeos-base/shill-0.0.6-r5533/work/shill-0.0.6/shill/network/portal_detector.cc:287] wlan0 wifi_psk_1 sid=3 detection ProcessHTTPSProbeResult: { num_attempts=1, IPv4, HTTP probe connectivitycheck.gstatic.com result=Success code=204 content-length=0 duration=0.282757 s, HTTPS probe www.google.com result=Success duration=0.327721 s, is_complete=true}
2026-05-18T23:37:49.469551Z INFO shill[912]: INFO shill: [../../../../../tmp/portage/chromeos-base/shill-0.0.6-r5533/work/shill-0.0.6/shill/network/network.cc:1146] wlan0 wifi_psk_1 sid=3 OnNetworkMonitorResult: internet-connectivity -> internet-connectivity
2026-05-18T23:37:51.825318Z NOTICE wpa_supplicant[704]: wlan0: WNM: Preferred List Available
2026-05-18T23:37:51.827293Z NOTICE wpa_supplicant[704]: wlan0: Considering within-ESS reassociation
2026-05-18T23:37:51.827311Z NOTICE wpa_supplicant[704]: wlan0: Current BSS: 06:e4:ce:e6:2e:b2 freq=5300 level=-70 snr=22 est_throughput=360302
2026-05-18T23:37:51.827323Z NOTICE wpa_supplicant[704]: wlan0: Selected BSS: 02:e4:ce:e6:2e:b1 freq=2412 level=-54 snr=35 est_throughput=136202
2026-05-18T23:37:51.828002Z NOTICE wpa_supplicant[704]: wlan0: Using signal poll values for the current BSS: level=-70 snr=22 est_throughput=360302
2026-05-18T23:37:51.828025Z NOTICE wpa_supplicant[704]: wlan0: Allow reassociation due to difference in signal level (16 >= 14)
2026-05-18T23:37:51.828074Z INFO shill[912]: INFO shill: [../../../../../tmp/portage/chromeos-base/shill-0.0.6-r5533/work/shill-0.0.6/shill/wifi/wifi_service.cc:1497] unselected wifi_psk_116 sid=none UpdateFromEndpoints: sig: -74, sec: wpa2, freq: 2417
2026-05-18T23:37:51.828337Z INFO shill[912]: INFO shill: [../../../../../tmp/portage/chromeos-base/shill-0.0.6-r5533/work/shill-0.0.6/shill/manager.cc:1496] Service wifi_psk_116 updated; state: Idle
2026-05-18T23:37:51.829174Z INFO shill[912]: INFO shill: [../../../../../tmp/portage/chromeos-base/shill-0.0.6-r5533/work/shill-0.0.6/shill/wifi/wifi_service.cc:1497] unselected wifi_psk_117 sid=none UpdateFromEndpoints: sig: -74, sec: wpa2, freq: 2417
2026-05-18T23:37:51.829423Z INFO shill[912]: INFO shill: [../../../../../tmp/portage/chromeos-base/shill-0.0.6-r5533/work/shill-0.0.6/shill/manager.cc:1496] Service wifi_psk_117 updated; state: Idle
2026-05-18T23:37:51.832275Z INFO shill[912]: INFO shill: [../../../../../tmp/portage/chromeos-base/shill-0.0.6-r5533/work/shill-0.0.6/shill/wifi/wifi_service.cc:1497] unselected wifi_psk_118 sid=none UpdateFromEndpoints: sig: -79, sec: wpa2+wpa3, freq: 2447
2026-05-18T23:37:51.832517Z INFO shill[912]: INFO shill: [../../../../../tmp/portage/chromeos-base/shill-0.0.6-r5533/work/shill-0.0.6/shill/manager.cc:1496] Service wifi_psk_118 updated; state: Idle
2026-05-18T23:37:51.834537Z INFO shill[912]: INFO shill: [../../../../../tmp/portage/chromeos-base/shill-0.0.6-r5533/work/shill-0.0.6/shill/wifi/wifi_service.cc:1497] unselected wifi_psk_119 sid=none UpdateFromEndpoints: sig: -80, sec: wpa2+wpa3, freq: 2417
2026-05-18T23:37:51.834822Z INFO shill[912]: INFO shill: [../../../../../tmp/portage/chromeos-base/shill-0.0.6-r5533/work/shill-0.0.6/shill/manager.cc:1496] Service wifi_psk_119 updated; state: Idle
2026-05-18T23:37:51.835664Z INFO shill[912]: INFO shill: [../../../../../tmp/portage/chromeos-base/shill-0.0.6-r5533/work/shill-0.0.6/shill/wifi/wifi_service.cc:1497] unselected wifi_psk_120 sid=none UpdateFromEndpoints: sig: -86, sec: wpa2, freq: 2412
2026-05-18T23:37:51.835930Z INFO shill[912]: INFO shill: [../../../../../tmp/portage/chromeos-base/shill-0.0.6-r5533/work/shill-0.0.6/shill/manager.cc:1496] Service wifi_psk_120 updated; state: Idle
2026-05-18T23:37:51.836671Z INFO shill[912]: INFO shill: [../../../../../tmp/portage/chromeos-base/shill-0.0.6-r5533/work/shill-0.0.6/shill/wifi/wifi_service.cc:1497] unselected wifi_psk_121 sid=none UpdateFromEndpoints: sig: -88, sec: wpa2, freq: 2412
2026-05-18T23:37:51.836917Z INFO shill[912]: INFO shill: [../../../../../tmp/portage/chromeos-base/shill-0.0.6-r5533/work/shill-0.0.6/shill/manager.cc:1496] Service wifi_psk_121 updated; state: Idle
2026-05-18T23:37:51.843126Z INFO patchpaneld[1913]: INFO patchpaneld: [../../../../../tmp/portage/chromeos-base/patchpanel-0.0.2-r1674/work/patchpanel-0.0.2/patchpanel/shill_client.cc:319] Service /service/116 was not connected
2026-05-18T23:37:51.844050Z INFO patchpaneld[1913]: INFO patchpaneld: [../../../../../tmp/portage/chromeos-base/patchpanel-0.0.2-r1674/work/patchpanel-0.0.2/patchpanel/shill_client.cc:319] Service /service/117 was not connected
2026-05-18T23:37:51.845035Z INFO patchpaneld[1913]: INFO patchpaneld: [../../../../../tmp/portage/chromeos-base/patchpanel-0.0.2-r1674/work/patchpanel-0.0.2/patchpanel/shill_client.cc:319] Service /service/118 was not connected
2026-05-18T23:37:51.846194Z INFO patchpaneld[1913]: INFO patchpaneld: [../../../../../tmp/portage/chromeos-base/patchpanel-0.0.2-r1674/work/patchpanel-0.0.2/patchpanel/shill_client.cc:319] Service /service/119 was not connected
2026-05-18T23:37:51.847064Z INFO patchpaneld[1913]: INFO patchpaneld: [../../../../../tmp/portage/chromeos-base/patchpanel-0.0.2-r1674/work/patchpanel-0.0.2/patchpanel/shill_client.cc:319] Service /service/120 was not connected
2026-05-18T23:37:51.847782Z INFO patchpaneld[1913]: INFO patchpaneld: [../../../../../tmp/portage/chromeos-base/patchpanel-0.0.2-r1674/work/patchpanel-0.0.2/patchpanel/shill_client.cc:319] Service /service/121 was not connected
2026-05-18T23:37:52.134918Z INFO shill[912]: INFO shill: [../../../../../tmp/portage/chromeos-base/shill-0.0.6-r5533/work/shill-0.0.6/shill/network/connection_diagnostics.cc:162] wlan0 wifi_psk_1 sid=3 reachability Start: Starting IPv4 diagnostics, url=none
2026-05-18T23:37:52.612617Z INFO shill[912]: INFO shill: [../../../../../tmp/portage/chromeos-base/shill-0.0.6-r5533/work/shill-0.0.6/shill/wifi/wifi.cc:535] ScanDone
2026-05-18T23:37:52.614182Z NOTICE wpa_supplicant[704]: SME: Trying to authenticate with 02:e4:ce:e6:2e:b1 (SSID='e811455728ef' freq=2412 MHz)
2026-05-18T23:37:52.640437Z INFO patchpaneld[1913]: INFO patchpaneld: [../../../../../tmp/portage/chromeos-base/patchpanel-0.0.2-r1674/work/patchpanel-0.0.2/patchpanel/network_monitor_service.cc:339] NUD state changed on wlan0 for { addr: 192.168.40.1, role: gateway and dns_server, state: NUD_NONE }, old_state=NUD_REACHABLE
2026-05-18T23:37:52.665183Z INFO shill[912]: INFO shill: [../../../../../tmp/portage/chromeos-base/shill-0.0.6-r5533/work/shill-0.0.6/shill/wifi/wifi.cc:1215] WiFi wlan0 CurrentBSS /fi/w1/wpa_supplicant1/Interfaces/0/BSSs/175 -> /fi/w1/wpa_supplicant1/Interfaces/0/BSSs/107
2026-05-18T23:37:52.665602Z INFO shill[912]: INFO shill: [../../../../../tmp/portage/chromeos-base/shill-0.0.6-r5533/work/shill-0.0.6/shill/wifi/wifi_service.cc:1497] wlan0 wifi_psk_1 sid=3 UpdateFromEndpoints: sig: -54, sec: wpa2+wpa3, freq: 2412
2026-05-18T23:37:52.665913Z INFO shill[912]: INFO shill: [../../../../../tmp/portage/chromeos-base/shill-0.0.6-r5533/work/shill-0.0.6/shill/wifi/wifi_service.cc:1135] wlan0 wifi_psk_1 sid=3 EmitDisconnectionEvent: unexpected disconnection, type: 2, reason code: 0
2026-05-18T23:37:52.667103Z INFO shill[912]: INFO shill: [../../../../../tmp/portage/chromeos-base/shill-0.0.6-r5533/work/shill-0.0.6/shill/device.cc:445] wlan0 wifi_psk_1 sid=3 SelectService(wifi_psk_1)
2026-05-18T23:37:52.667146Z INFO shill[912]: INFO shill: [../../../../../tmp/portage/chromeos-base/shill-0.0.6-r5533/work/shill-0.0.6/shill/wifi/wifi.cc:2707] WiFi wlan0 StateChanged completed -> authenticating
2026-05-18T23:37:52.708687Z NOTICE wpa_supplicant[704]: Trying to associate with 02:e4:ce:e6:2e:b1 (SSID='e811455728ef' freq=2412 MHz)
2026-05-18T23:37:52.709633Z INFO shill[912]: INFO shill: [../../../../../tmp/portage/chromeos-base/shill-0.0.6-r5533/work/shill-0.0.6/shill/wifi/wifi.cc:2707] WiFi wlan0 StateChanged authenticating -> associating
2026-05-18T23:37:52.743423Z NOTICE wpa_supplicant[704]: wlan0: Associated with 02:e4:ce:e6:2e:b1
2026-05-18T23:37:52.744013Z NOTICE wpa_supplicant[704]: wlan0: CTRL-EVENT-SUBNET-STATUS-UPDATE status=0
2026-05-18T23:37:52.749143Z INFO shill[912]: INFO shill: [../../../../../tmp/portage/chromeos-base/shill-0.0.6-r5533/work/shill-0.0.6/shill/wifi/wifi.cc:1215] WiFi wlan0 CurrentBSS /fi/w1/wpa_supplicant1/Interfaces/0/BSSs/107 -> /fi/w1/wpa_supplicant1/Interfaces/0/BSSs/107
2026-05-18T23:37:52.749576Z INFO shill[912]: INFO shill: [../../../../../tmp/portage/chromeos-base/shill-0.0.6-r5533/work/shill-0.0.6/shill/device.cc:445] wlan0 wifi_psk_1 sid=3 SelectService(wifi_psk_1)
2026-05-18T23:37:52.749609Z INFO shill[912]: INFO shill: [../../../../../tmp/portage/chromeos-base/shill-0.0.6-r5533/work/shill-0.0.6/shill/wifi/wifi.cc:2707] WiFi wlan0 StateChanged associating -> 4way_handshake
2026-05-18T23:37:52.778275Z NOTICE wpa_supplicant[704]: wlan0: WPA: Key negotiation completed with 02:e4:ce:e6:2e:b1 [PTK=CCMP GTK=CCMP]
2026-05-18T23:37:52.778337Z NOTICE wpa_supplicant[704]: wlan0: CTRL-EVENT-CONNECTED - Connection to 02:e4:ce:e6:2e:b1 completed [id=0 id_str=]
2026-05-18T23:37:52.784841Z INFO shill[912]: INFO shill: [../../../../../tmp/portage/chromeos-base/shill-0.0.6-r5533/work/shill-0.0.6/shill/wifi/wifi.cc:2707] WiFi wlan0 StateChanged 4way_handshake -> completed
2026-05-18T23:37:52.785134Z INFO shill[912]: INFO shill: [../../../../../tmp/portage/chromeos-base/shill-0.0.6-r5533/work/shill-0.0.6/shill/wifi/wifi.cc:2759] wlan0 renewing L3 configuration after roam.
2026-05-18T23:37:52.788110Z INFO dhcpcd[15410]: received SIGHUP, rebinding
2026-05-18T23:37:52.791077Z NOTICE wpa_supplicant[704]: wlan0: CTRL-EVENT-SIGNAL-CHANGE above=1 signal=-55 noise=9999 txrate=58500
2026-05-18T23:37:52.793435Z INFO dhcpcd[15410]: wlan0: rebinding lease of 192.168.40.207
2026-05-18T23:37:52.793459Z INFO dhcpcd[15410]: wlan0: sending REQUEST (xid 0xa06655df), next in 4.5 seconds
2026-05-18T23:37:52.802542Z INFO shill[912]: INFO shill: [../../../../../tmp/portage/chromeos-base/shill-0.0.6-r5533/work/shill-0.0.6/shill/network/dhcpcd_proxy.cc:171] wlan0 wifi_psk_1 sid=3 GetEventReason: Ignore the reason: RECONFIGURE
2026-05-18T23:37:52.921648Z INFO patchpaneld[1913]: INFO patchpaneld: [../../../../../tmp/portage/chromeos-base/patchpanel-0.0.2-r1674/work/patchpanel-0.0.2/patchpanel/network_monitor_service.cc:339] NUD state changed on wlan0 for { addr: 192.168.40.1, role: gateway and dns_server, state: NUD_REACHABLE }, old_state=NUD_NONE
2026-05-18T23:37:54.149330Z INFO shill[912]: INFO shill: [../../../../../tmp/portage/chromeos-base/shill-0.0.6-r5533/work/shill-0.0.6/shill/network/connection_diagnostics.cc:219] wlan0 wifi_psk_1 sid=3 reachability PrintEvents: IPv4 Ping (gateway): Success, Pinged 192.168.40.1: 8.24ms, 4.63ms, 1.86ms
2026-05-18T23:37:54.149349Z INFO shill[912]: INFO shill: [../../../../../tmp/portage/chromeos-base/shill-0.0.6-r5533/work/shill-0.0.6/shill/network/connection_diagnostics.cc:219] wlan0 wifi_psk_1 sid=3 reachability PrintEvents: IPv4 Ping DNS servers: Success, Pinged 192.168.40.1: 8.22ms, 5.92ms, 2.25ms
2026-05-18T23:37:54.149360Z INFO shill[912]: INFO shill: [../../../../../tmp/portage/chromeos-base/shill-0.0.6-r5533/work/shill-0.0.6/shill/network/connection_diagnostics.cc:219] wlan0 wifi_psk_1 sid=3 reachability PrintEvents: IPv4 Ping Google DNS servers: Success, Pinged 8.8.8.8: 45.59ms, 17.08ms, 12.35ms
2026-05-18T23:37:54.149371Z INFO shill[912]: INFO shill: [../../../../../tmp/portage/chromeos-base/shill-0.0.6-r5533/work/shill-0.0.6/shill/network/connection_diagnostics.cc:219] wlan0 wifi_psk_1 sid=3 reachability PrintEvents: IPv4 Ping Google DNS servers: Success, Pinged 8.8.4.4: 45.59ms, 16.64ms, 12.23ms
2026-05-18T23:37:54.149381Z INFO shill[912]: INFO shill: [../../../../../tmp/portage/chromeos-base/shill-0.0.6-r5533/work/shill-0.0.6/shill/network/connection_diagnostics.cc:174] wlan0 wifi_psk_1 sid=3 reachability Stop: Stopping IPv4 diagnostics
2026-05-18T23:37:54.718737Z NOTICE wpa_supplicant[704]: wlan0: WNM: Disassociation Imminent - Disassociation Timer 1
2026-05-18T23:37:54.718758Z NOTICE wpa_supplicant[704]: wlan0: WNM: Preferred List Available
2026-05-18T23:37:54.719705Z NOTICE wpa_supplicant[704]: wlan0: Considering within-ESS reassociation
2026-05-18T23:37:54.719723Z NOTICE wpa_supplicant[704]: wlan0: Current BSS: 02:e4:ce:e6:2e:b1 freq=2412 level=-53 snr=36 est_throughput=143402
2026-05-18T23:37:54.719744Z NOTICE wpa_supplicant[704]: wlan0: Selected BSS: 06:e4:ce:e6:2e:b2 freq=5300 level=-70 snr=22 est_throughput=360302
2026-05-18T23:37:54.720415Z NOTICE wpa_supplicant[704]: wlan0: Using signal poll values for the current BSS: level=-53 snr=36 est_throughput=143402
2026-05-18T23:37:54.720436Z NOTICE wpa_supplicant[704]: wlan0: Skip roam - too small difference in signal level (-17 < -8)
2026-05-18T23:37:54.722362Z NOTICE wpa_supplicant[704]: SME: Trying to authenticate with 06:e4:ce:e6:2e:b2 (SSID='e811455728ef' freq=5300 MHz)
2026-05-18T23:37:54.747173Z INFO patchpaneld[1913]: INFO patchpaneld: [../../../../../tmp/portage/chromeos-base/patchpanel-0.0.2-r1674/work/patchpanel-0.0.2/patchpanel/network_monitor_service.cc:339] NUD state changed on wlan0 for { addr: 192.168.40.1, role: gateway and dns_server, state: NUD_NONE }, old_state=NUD_REACHABLE
2026-05-18T23:37:54.774198Z INFO shill[912]: INFO shill: [../../../../../tmp/portage/chromeos-base/shill-0.0.6-r5533/work/shill-0.0.6/shill/wifi/wifi.cc:1215] WiFi wlan0 CurrentBSS /fi/w1/wpa_supplicant1/Interfaces/0/BSSs/107 -> /fi/w1/wpa_supplicant1/Interfaces/0/BSSs/175
2026-05-18T23:37:54.774493Z INFO shill[912]: INFO shill: [../../../../../tmp/portage/chromeos-base/shill-0.0.6-r5533/work/shill-0.0.6/shill/wifi/wifi_service.cc:1497] wlan0 wifi_psk_1 sid=3 UpdateFromEndpoints: sig: -70, sec: wpa2+wpa3, freq: 5300
2026-05-18T23:37:54.774679Z INFO shill[912]: INFO shill: [../../../../../tmp/portage/chromeos-base/shill-0.0.6-r5533/work/shill-0.0.6/shill/wifi/wifi_service.cc:1135] wlan0 wifi_psk_1 sid=3 EmitDisconnectionEvent: unexpected disconnection, type: 2, reason code: 0
2026-05-18T23:37:54.775500Z INFO shill[912]: INFO shill: [../../../../../tmp/portage/chromeos-base/shill-0.0.6-r5533/work/shill-0.0.6/shill/device.cc:445] wlan0 wifi_psk_1 sid=3 SelectService(wifi_psk_1)
2026-05-18T23:37:54.775531Z INFO shill[912]: INFO shill: [../../../../../tmp/portage/chromeos-base/shill-0.0.6-r5533/work/shill-0.0.6/shill/wifi/wifi.cc:2707] WiFi wlan0 StateChanged completed -> authenticating
2026-05-18T23:37:54.818444Z NOTICE wpa_supplicant[704]: Trying to associate with 06:e4:ce:e6:2e:b2 (SSID='e811455728ef' freq=5300 MHz)
2026-05-18T23:37:54.819413Z INFO shill[912]: INFO shill: [../../../../../tmp/portage/chromeos-base/shill-0.0.6-r5533/work/shill-0.0.6/shill/wifi/wifi.cc:2707] WiFi wlan0 StateChanged authenticating -> associating
2026-05-18T23:37:54.840937Z NOTICE wpa_supplicant[704]: wlan0: Associated with 06:e4:ce:e6:2e:b2
2026-05-18T23:37:54.841323Z NOTICE wpa_supplicant[704]: wlan0: CTRL-EVENT-SUBNET-STATUS-UPDATE status=0
2026-05-18T23:37:54.846463Z INFO shill[912]: INFO shill: [../../../../../tmp/portage/chromeos-base/shill-0.0.6-r5533/work/shill-0.0.6/shill/wifi/wifi.cc:1215] WiFi wlan0 CurrentBSS /fi/w1/wpa_supplicant1/Interfaces/0/BSSs/175 -> /fi/w1/wpa_supplicant1/Interfaces/0/BSSs/175
2026-05-18T23:37:54.846850Z INFO shill[912]: INFO shill: [../../../../../tmp/portage/chromeos-base/shill-0.0.6-r5533/work/shill-0.0.6/shill/device.cc:445] wlan0 wifi_psk_1 sid=3 SelectService(wifi_psk_1)
2026-05-18T23:37:54.846886Z INFO shill[912]: INFO shill: [../../../../../tmp/portage/chromeos-base/shill-0.0.6-r5533/work/shill-0.0.6/shill/wifi/wifi.cc:2707] WiFi wlan0 StateChanged associating -> 4way_handshake
2026-05-18T23:37:54.858976Z NOTICE wpa_supplicant[704]: wlan0: WPA: Key negotiation completed with 06:e4:ce:e6:2e:b2 [PTK=CCMP GTK=CCMP]
2026-05-18T23:37:54.859021Z NOTICE wpa_supplicant[704]: wlan0: CTRL-EVENT-CONNECTED - Connection to 06:e4:ce:e6:2e:b2 completed [id=0 id_str=]
2026-05-18T23:37:54.863364Z INFO shill[912]: INFO shill: [../../../../../tmp/portage/chromeos-base/shill-0.0.6-r5533/work/shill-0.0.6/shill/wifi/wifi.cc:2707] WiFi wlan0 StateChanged 4way_handshake -> completed
2026-05-18T23:37:54.863558Z INFO shill[912]: INFO shill: [../../../../../tmp/portage/chromeos-base/shill-0.0.6-r5533/work/shill-0.0.6/shill/wifi/wifi.cc:2759] wlan0 renewing L3 configuration after roam.
2026-05-18T23:37:54.868587Z INFO dhcpcd[15410]: received SIGHUP, rebinding
2026-05-18T23:37:54.876126Z INFO dhcpcd[15410]: wlan0: rebinding lease of 192.168.40.207
2026-05-18T23:37:54.876150Z INFO dhcpcd[15410]: wlan0: sending REQUEST (xid 0xb14bc335), next in 4.9 seconds
2026-05-18T23:37:54.884113Z INFO shill[912]: INFO shill: [../../../../../tmp/portage/chromeos-base/shill-0.0.6-r5533/work/shill-0.0.6/shill/network/dhcpcd_proxy.cc:171] wlan0 wifi_psk_1 sid=3 GetEventReason: Ignore the reason: RECONFIGURE
2026-05-18T23:37:56.847960Z INFO patchpaneld[1913]: INFO patchpaneld: [../../../../../tmp/portage/chromeos-base/patchpanel-0.0.2-r1674/work/patchpanel-0.0.2/patchpanel/network_monitor_service.cc:339] NUD state changed on wlan0 for { addr: 192.168.40.1, role: gateway and dns_server, state: NUD_REACHABLE }, old_state=NUD_NONE
2026-05-18T23:37:59.788808Z INFO dhcpcd[15410]: wlan0: sending REQUEST (xid 0xb14bc335), next in 8.5 seconds
2026-05-18T23:37:59.793988Z INFO dhcpcd[15410]: wlan0: received ACK with xid 0xb14bc335
2026-05-18T23:37:59.794007Z INFO dhcpcd[15410]: wlan0: acknowledged 192.168.40.207 from 192.168.40.1
2026-05-18T23:37:59.794018Z INFO dhcpcd[15410]: wlan0: leased 192.168.40.207 for 43200 seconds
2026-05-18T23:37:59.804903Z INFO shill[912]: INFO shill: [../../../../../tmp/portage/chromeos-base/shill-0.0.6-r5533/work/shill-0.0.6/shill/network/network.cc:575] wlan0 wifi_psk_1 sid=3 OnIPConfigUpdatedFromDHCP: DHCP lease acquired {IPv4 address: 192.168.40.207/24, IPv4 broadcast: 192.168.40.255, IPv4 gateway: 192.168.40.1, IPv6 addresses: [], DNS: [192.168.40.1], search domains: 1, mtu: 1500}
2026-05-18T23:37:59.807285Z INFO shill[912]: INFO shill: [../../../../../tmp/portage/chromeos-base/shill-0.0.6-r5533/work/shill-0.0.6/shill/network/network.cc:343] wlan0 wifi_psk_1 sid=3 SetupConnection: family: IPv4, is_slaac: 0
2026-05-18T23:37:59.809407Z INFO patchpaneld[1913]: INFO patchpaneld: [../../../../../tmp/portage/chromeos-base/patchpanel-0.0.2-r1674/work/patchpanel-0.0.2/patchpanel/manager.cc:1098] ConfigureNetwork on wlan0(2, sid=3): {IPv4 address: 192.168.40.207/24, IPv4 broadcast: 192.168.40.255, IPv4 gateway: 192.168.40.1, IPv6 addresses: [], DNS: [192.168.40.1], search domains: 1, mtu: 1500}, priority {0, primary_logical, primary_physical, primary_for_dns}, area 0x70007
2026-05-18T23:37:59.810452Z INFO shill[912]: INFO shill: [../../../../../tmp/portage/chromeos-base/shill-0.0.6-r5533/work/shill-0.0.6/shill/network/network.cc:387] wlan0 wifi_psk_1 sid=3 OnSetupConnectionFinished: success: true
2026-05-18T23:37:59.814224Z INFO shill[912]: INFO shill: [../../../../../tmp/portage/chromeos-base/shill-0.0.6-r5533/work/shill-0.0.6/shill/network/network_monitor.cc:158] wlan0 wifi_psk_1 sid=3 StartValidationTask(NetworkConnectionUpdate)
2026-05-18T23:37:59.814295Z INFO shill[912]: INFO shill: [../../../../../tmp/portage/chromeos-base/shill-0.0.6-r5533/work/shill-0.0.6/shill/network/portal_detector.cc:169] wlan0 wifi_psk_1 sid=3 detection StartHttpProbe: { num_attempts=1, IPv4, HTTP probe connectivitycheck.gstatic.com in-flight, HTTPS probe not started, is_complete=false}
2026-05-18T23:37:59.814671Z INFO shill[912]: INFO shill: [../../../../../tmp/portage/chromeos-base/shill-0.0.6-r5533/work/shill-0.0.6/shill/network/portal_detector.cc:191] wlan0 wifi_psk_1 sid=3 detection StartHttpsProbe: { num_attempts=1, IPv4, HTTP probe connectivitycheck.gstatic.com in-flight, HTTPS probe www.google.com in-flight, is_complete=false}
2026-05-18T23:37:59.823851Z INFO shill[912]: INFO shill: [../../../../../tmp/portage/chromeos-base/shill-0.0.6-r5533/work/shill-0.0.6/shill/network/http_request.cc:252] wlan0 wifi_psk_1 sid=3 detection HTTP probe GetDNSResult: Resolved connectivitycheck.gstatic.com to 142.251.210.99 in 0.00939 s
2026-05-18T23:37:59.831016Z INFO shill[912]: INFO shill: [../../../../../tmp/portage/chromeos-base/shill-0.0.6-r5533/work/shill-0.0.6/shill/network/http_request.cc:252] wlan0 wifi_psk_1 sid=3 detection HTTPS probe GetDNSResult: Resolved www.google.com to 142.251.153.119,142.251.156.119,142.251.151.119,142.251.157.119,142.251.154.119,142.251.155.119,142.251.150.119,142.251.152.119 in 0.016225 s
2026-05-18T23:37:59.854714Z INFO shill[912]: INFO shill: [../../../../../tmp/portage/chromeos-base/shill-0.0.6-r5533/work/shill-0.0.6/shill/network/portal_detector.cc:272] wlan0 wifi_psk_1 sid=3 detection ProcessHTTPProbeResult: { num_attempts=1, IPv4, HTTP probe connectivitycheck.gstatic.com result=Success code=204 content-length=0 duration=0.040405 s, HTTPS probe www.google.com in-flight, is_complete=false}
2026-05-18T23:37:59.893505Z INFO shill[912]: INFO shill: [../../../../../tmp/portage/chromeos-base/shill-0.0.6-r5533/work/shill-0.0.6/shill/network/portal_detector.cc:287] wlan0 wifi_psk_1 sid=3 detection ProcessHTTPSProbeResult: { num_attempts=1, IPv4, HTTP probe connectivitycheck.gstatic.com result=Success code=204 content-length=0 duration=0.040405 s, HTTPS probe www.google.com result=Success duration=0.079196 s, is_complete=true}
2026-05-18T23:37:59.893819Z INFO shill[912]: INFO shill: [../../../../../tmp/portage/chromeos-base/shill-0.0.6-r5533/work/shill-0.0.6/shill/network/network.cc:1146] wlan0 wifi_psk_1 sid=3 OnNetworkMonitorResult: internet-connectivity -> internet-connectivity
2026-05-18T23:38:02.807913Z INFO shill[912]: INFO shill: [../../../../../tmp/portage/chromeos-base/shill-0.0.6-r5533/work/shill-0.0.6/shill/network/connection_diagnostics.cc:162] wlan0 wifi_psk_1 sid=3 reachability Start: Starting IPv4 diagnostics, url=none
2026-05-18T23:38:04.813257Z NOTICE wpa_supplicant[704]: wlan0: WNM: Preferred List Available
2026-05-18T23:38:04.823300Z INFO shill[912]: INFO shill: [../../../../../tmp/portage/chromeos-base/shill-0.0.6-r5533/work/shill-0.0.6/shill/network/connection_diagnostics.cc:219] wlan0 wifi_psk_1 sid=3 reachability PrintEvents: IPv4 Ping (gateway): Success, Pinged 192.168.40.1: 5.83ms, 17.97ms, 3.90ms
2026-05-18T23:38:04.823331Z INFO shill[912]: INFO shill: [../../../../../tmp/portage/chromeos-base/shill-0.0.6-r5533/work/shill-0.0.6/shill/network/connection_diagnostics.cc:219] wlan0 wifi_psk_1 sid=3 reachability PrintEvents: IPv4 Ping DNS servers: Success, Pinged 192.168.40.1: 5.74ms, 17.94ms, 3.94ms
2026-05-18T23:38:04.823343Z INFO shill[912]: INFO shill: [../../../../../tmp/portage/chromeos-base/shill-0.0.6-r5533/work/shill-0.0.6/shill/network/connection_diagnostics.cc:219] wlan0 wifi_psk_1 sid=3 reachability PrintEvents: IPv4 Ping Google DNS servers: Success, Pinged 8.8.8.8: 16.15ms, 27.20ms, 12.88ms
2026-05-18T23:38:04.823354Z INFO shill[912]: INFO shill: [../../../../../tmp/portage/chromeos-base/shill-0.0.6-r5533/work/shill-0.0.6/shill/network/connection_diagnostics.cc:219] wlan0 wifi_psk_1 sid=3 reachability PrintEvents: IPv4 Ping Google DNS servers: Success, Pinged 8.8.4.4: 16.05ms, 27.21ms, 12.78ms
2026-05-18T23:38:04.823365Z INFO shill[912]: INFO shill: [../../../../../tmp/portage/chromeos-base/shill-0.0.6-r5533/work/shill-0.0.6/shill/network/connection_diagnostics.cc:174] wlan0 wifi_psk_1 sid=3 reachability Stop: Stopping IPv4 diagnostics
2026-05-18T23:38:05.088380Z INFO shill[912]: INFO shill: [../../../../../tmp/portage/chromeos-base/shill-0.0.6-r5533/work/shill-0.0.6/shill/wifi/wifi.cc:535] ScanDone
2026-05-18T23:38:05.089455Z NOTICE wpa_supplicant[704]: SME: Trying to authenticate with 02:e4:ce:e6:2e:b1 (SSID='e811455728ef' freq=2412 MHz)
2026-05-18T23:38:05.113131Z INFO patchpaneld[1913]: INFO patchpaneld: [../../../../../tmp/portage/chromeos-base/patchpanel-0.0.2-r1674/work/patchpanel-0.0.2/patchpanel/network_monitor_service.cc:339] NUD state changed on wlan0 for { addr: 192.168.40.1, role: gateway and dns_server, state: NUD_NONE }, old_state=NUD_REACHABLE
2026-05-18T23:38:05.136174Z INFO shill[912]: INFO shill: [../../../../../tmp/portage/chromeos-base/shill-0.0.6-r5533/work/shill-0.0.6/shill/wifi/wifi.cc:1215] WiFi wlan0 CurrentBSS /fi/w1/wpa_supplicant1/Interfaces/0/BSSs/175 -> /fi/w1/wpa_supplicant1/Interfaces/0/BSSs/107
2026-05-18T23:38:05.136593Z INFO shill[912]: INFO shill: [../../../../../tmp/portage/chromeos-base/shill-0.0.6-r5533/work/shill-0.0.6/shill/wifi/wifi_service.cc:1497] wlan0 wifi_psk_1 sid=3 UpdateFromEndpoints: sig: -53, sec: wpa2+wpa3, freq: 2412
2026-05-18T23:38:05.136899Z INFO shill[912]: INFO shill: [../../../../../tmp/portage/chromeos-base/shill-0.0.6-r5533/work/shill-0.0.6/shill/wifi/wifi_service.cc:1135] wlan0 wifi_psk_1 sid=3 EmitDisconnectionEvent: unexpected disconnection, type: 2, reason code: 0
2026-05-18T23:38:05.138941Z INFO shill[912]: INFO shill: [../../../../../tmp/portage/chromeos-base/shill-0.0.6-r5533/work/shill-0.0.6/shill/device.cc:445] wlan0 wifi_psk_1 sid=3 SelectService(wifi_psk_1)
2026-05-18T23:38:05.139384Z INFO shill[912]: INFO shill: [../../../../../tmp/portage/chromeos-base/shill-0.0.6-r5533/work/shill-0.0.6/shill/wifi/wifi.cc:2707] WiFi wlan0 StateChanged completed -> authenticating
2026-05-18T23:38:05.181667Z NOTICE wpa_supplicant[704]: Trying to associate with 02:e4:ce:e6:2e:b1 (SSID='e811455728ef' freq=2412 MHz)
2026-05-18T23:38:05.182739Z INFO shill[912]: INFO shill: [../../../../../tmp/portage/chromeos-base/shill-0.0.6-r5533/work/shill-0.0.6/shill/wifi/wifi.cc:2707] WiFi wlan0 StateChanged authenticating -> associating
2026-05-18T23:38:05.213505Z NOTICE wpa_supplicant[704]: wlan0: Associated with 02:e4:ce:e6:2e:b1
2026-05-18T23:38:05.214428Z NOTICE wpa_supplicant[704]: wlan0: CTRL-EVENT-SUBNET-STATUS-UPDATE status=0
2026-05-18T23:38:05.219118Z INFO shill[912]: INFO shill: [../../../../../tmp/portage/chromeos-base/shill-0.0.6-r5533/work/shill-0.0.6/shill/wifi/wifi.cc:1215] WiFi wlan0 CurrentBSS /fi/w1/wpa_supplicant1/Interfaces/0/BSSs/107 -> /fi/w1/wpa_supplicant1/Interfaces/0/BSSs/107
2026-05-18T23:38:05.219597Z INFO shill[912]: INFO shill: [../../../../../tmp/portage/chromeos-base/shill-0.0.6-r5533/work/shill-0.0.6/shill/device.cc:445] wlan0 wifi_psk_1 sid=3 SelectService(wifi_psk_1)
2026-05-18T23:38:05.219638Z INFO shill[912]: INFO shill: [../../../../../tmp/portage/chromeos-base/shill-0.0.6-r5533/work/shill-0.0.6/shill/wifi/wifi.cc:2707] WiFi wlan0 StateChanged associating -> 4way_handshake
2026-05-18T23:38:05.241292Z NOTICE wpa_supplicant[704]: wlan0: WPA: Key negotiation completed with 02:e4:ce:e6:2e:b1 [PTK=CCMP GTK=CCMP]
2026-05-18T23:38:05.241340Z NOTICE wpa_supplicant[704]: wlan0: CTRL-EVENT-CONNECTED - Connection to 02:e4:ce:e6:2e:b1 completed [id=0 id_str=]
2026-05-18T23:38:05.247940Z INFO shill[912]: INFO shill: [../../../../../tmp/portage/chromeos-base/shill-0.0.6-r5533/work/shill-0.0.6/shill/wifi/wifi.cc:2707] WiFi wlan0 StateChanged 4way_handshake -> completed
2026-05-18T23:38:05.248227Z INFO shill[912]: INFO shill: [../../../../../tmp/portage/chromeos-base/shill-0.0.6-r5533/work/shill-0.0.6/shill/wifi/wifi.cc:2759] wlan0 renewing L3 configuration after roam.
2026-05-18T23:38:05.251185Z INFO dhcpcd[15410]: received SIGHUP, rebinding
2026-05-18T23:38:05.257039Z INFO dhcpcd[15410]: wlan0: rebinding lease of 192.168.40.207
2026-05-18T23:38:05.257064Z INFO dhcpcd[15410]: wlan0: sending REQUEST (xid 0x7394c56), next in 4.1 seconds
2026-05-18T23:38:05.264638Z INFO shill[912]: INFO shill: [../../../../../tmp/portage/chromeos-base/shill-0.0.6-r5533/work/shill-0.0.6/shill/network/dhcpcd_proxy.cc:171] wlan0 wifi_psk_1 sid=3 GetEventReason: Ignore the reason: RECONFIGURE
2026-05-18T23:38:06.195587Z INFO patchpaneld[1913]: INFO patchpaneld: [../../../../../tmp/portage/chromeos-base/patchpanel-0.0.2-r1674/work/patchpanel-0.0.2/patchpanel/network_monitor_service.cc:339] NUD state changed on wlan0 for { addr: 192.168.40.1, role: gateway and dns_server, state: NUD_REACHABLE }, old_state=NUD_NONE
2026-05-18T23:38:07.717828Z NOTICE wpa_supplicant[704]: wlan0: WNM: Disassociation Imminent - Disassociation Timer 1
2026-05-18T23:38:07.717848Z NOTICE wpa_supplicant[704]: wlan0: WNM: Preferred List Available
2026-05-18T23:38:07.718853Z NOTICE wpa_supplicant[704]: wlan0: Considering within-ESS reassociation
2026-05-18T23:38:07.718871Z NOTICE wpa_supplicant[704]: wlan0: Current BSS: 02:e4:ce:e6:2e:b1 freq=2412 level=-54 snr=35 est_throughput=136202
2026-05-18T23:38:07.718883Z NOTICE wpa_supplicant[704]: wlan0: Selected BSS: 06:e4:ce:e6:2e:b2 freq=5300 level=-70 snr=22 est_throughput=360302
2026-05-18T23:38:07.719613Z NOTICE wpa_supplicant[704]: wlan0: Using signal poll values for the current BSS: level=-54 snr=35 est_throughput=136202
2026-05-18T23:38:07.719637Z NOTICE wpa_supplicant[704]: wlan0: Skip roam - too small difference in signal level (-16 < -8)
2026-05-18T23:38:07.721736Z NOTICE wpa_supplicant[704]: SME: Trying to authenticate with 06:e4:ce:e6:2e:b2 (SSID='e811455728ef' freq=5300 MHz)
2026-05-18T23:38:07.756071Z INFO patchpaneld[1913]: INFO patchpaneld: [../../../../../tmp/portage/chromeos-base/patchpanel-0.0.2-r1674/work/patchpanel-0.0.2/patchpanel/network_monitor_service.cc:339] NUD state changed on wlan0 for { addr: 192.168.40.1, role: gateway and dns_server, state: NUD_NONE }, old_state=NUD_REACHABLE
2026-05-18T23:38:07.790627Z INFO shill[912]: INFO shill: [../../../../../tmp/portage/chromeos-base/shill-0.0.6-r5533/work/shill-0.0.6/shill/wifi/wifi.cc:1215] WiFi wlan0 CurrentBSS /fi/w1/wpa_supplicant1/Interfaces/0/BSSs/107 -> /fi/w1/wpa_supplicant1/Interfaces/0/BSSs/175
2026-05-18T23:38:07.790993Z INFO shill[912]: INFO shill: [../../../../../tmp/portage/chromeos-base/shill-0.0.6-r5533/work/shill-0.0.6/shill/wifi/wifi_service.cc:1497] wlan0 wifi_psk_1 sid=3 UpdateFromEndpoints: sig: -70, sec: wpa2+wpa3, freq: 5300
2026-05-18T23:38:07.791181Z INFO shill[912]: INFO shill: [../../../../../tmp/portage/chromeos-base/shill-0.0.6-r5533/work/shill-0.0.6/shill/wifi/wifi_service.cc:1135] wlan0 wifi_psk_1 sid=3 EmitDisconnectionEvent: unexpected disconnection, type: 2, reason code: 0
2026-05-18T23:38:07.792132Z INFO shill[912]: INFO shill: [../../../../../tmp/portage/chromeos-base/shill-0.0.6-r5533/work/shill-0.0.6/shill/device.cc:445] wlan0 wifi_psk_1 sid=3 SelectService(wifi_psk_1)
2026-05-18T23:38:07.792164Z INFO shill[912]: INFO shill: [../../../../../tmp/portage/chromeos-base/shill-0.0.6-r5533/work/shill-0.0.6/shill/wifi/wifi.cc:2707] WiFi wlan0 StateChanged completed -> authenticating
2026-05-18T23:38:07.835589Z NOTICE wpa_supplicant[704]: Trying to associate with 06:e4:ce:e6:2e:b2 (SSID='e811455728ef' freq=5300 MHz)
2026-05-18T23:38:07.836680Z INFO shill[912]: INFO shill: [../../../../../tmp/portage/chromeos-base/shill-0.0.6-r5533/work/shill-0.0.6/shill/wifi/wifi.cc:2707] WiFi wlan0 StateChanged authenticating -> associating
2026-05-18T23:38:07.854328Z NOTICE wpa_supplicant[704]: wlan0: Associated with 06:e4:ce:e6:2e:b2
2026-05-18T23:38:07.854852Z NOTICE wpa_supplicant[704]: wlan0: CTRL-EVENT-SUBNET-STATUS-UPDATE status=0
2026-05-18T23:38:07.860033Z INFO shill[912]: INFO shill: [../../../../../tmp/portage/chromeos-base/shill-0.0.6-r5533/work/shill-0.0.6/shill/wifi/wifi.cc:1215] WiFi wlan0 CurrentBSS /fi/w1/wpa_supplicant1/Interfaces/0/BSSs/175 -> /fi/w1/wpa_supplicant1/Interfaces/0/BSSs/175
2026-05-18T23:38:07.860526Z INFO shill[912]: INFO shill: [../../../../../tmp/portage/chromeos-base/shill-0.0.6-r5533/work/shill-0.0.6/shill/device.cc:445] wlan0 wifi_psk_1 sid=3 SelectService(wifi_psk_1)
2026-05-18T23:38:07.860562Z INFO shill[912]: INFO shill: [../../../../../tmp/portage/chromeos-base/shill-0.0.6-r5533/work/shill-0.0.6/shill/wifi/wifi.cc:2707] WiFi wlan0 StateChanged associating -> 4way_handshake
2026-05-18T23:38:07.880172Z NOTICE wpa_supplicant[704]: wlan0: WPA: Key negotiation completed with 06:e4:ce:e6:2e:b2 [PTK=CCMP GTK=CCMP]
2026-05-18T23:38:07.880230Z NOTICE wpa_supplicant[704]: wlan0: CTRL-EVENT-CONNECTED - Connection to 06:e4:ce:e6:2e:b2 completed [id=0 id_str=]
2026-05-18T23:38:07.885287Z INFO shill[912]: INFO shill: [../../../../../tmp/portage/chromeos-base/shill-0.0.6-r5533/work/shill-0.0.6/shill/wifi/wifi.cc:2707] WiFi wlan0 StateChanged 4way_handshake -> completed
2026-05-18T23:38:07.885512Z INFO shill[912]: INFO shill: [../../../../../tmp/portage/chromeos-base/shill-0.0.6-r5533/work/shill-0.0.6/shill/wifi/wifi.cc:2759] wlan0 renewing L3 configuration after roam.
2026-05-18T23:38:07.887306Z INFO dhcpcd[15410]: received SIGHUP, rebinding
2026-05-18T23:38:07.892428Z INFO dhcpcd[15410]: wlan0: rebinding lease of 192.168.40.207
2026-05-18T23:38:07.892551Z INFO dhcpcd[15410]: wlan0: sending REQUEST (xid 0x55bd0529), next in 3.6 seconds
2026-05-18T23:38:07.901130Z INFO shill[912]: INFO shill: [../../../../../tmp/portage/chromeos-base/shill-0.0.6-r5533/work/shill-0.0.6/shill/network/dhcpcd_proxy.cc:171] wlan0 wifi_psk_1 sid=3 GetEventReason: Ignore the reason: RECONFIGURE
2026-05-18T23:38:08.548714Z INFO patchpaneld[1913]: INFO patchpaneld: [../../../../../tmp/portage/chromeos-base/patchpanel-0.0.2-r1674/work/patchpanel-0.0.2/patchpanel/network_monitor_service.cc:339] NUD state changed on wlan0 for { addr: 192.168.40.1, role: gateway and dns_server, state: NUD_REACHABLE }, old_state=NUD_NONE
2026-05-18T23:38:11.532197Z INFO dhcpcd[15410]: wlan0: sending REQUEST (xid 0x55bd0529), next in 7.5 seconds
2026-05-18T23:38:11.536406Z INFO dhcpcd[15410]: wlan0: received ACK with xid 0x55bd0529
2026-05-18T23:38:11.536423Z INFO dhcpcd[15410]: wlan0: acknowledged 192.168.40.207 from 192.168.40.1
2026-05-18T23:38:11.536434Z INFO dhcpcd[15410]: wlan0: leased 192.168.40.207 for 43200 seconds
2026-05-18T23:38:11.546916Z INFO shill[912]: INFO shill: [../../../../../tmp/portage/chromeos-base/shill-0.0.6-r5533/work/shill-0.0.6/shill/network/network.cc:575] wlan0 wifi_psk_1 sid=3 OnIPConfigUpdatedFromDHCP: DHCP lease acquired {IPv4 address: 192.168.40.207/24, IPv4 broadcast: 192.168.40.255, IPv4 gateway: 192.168.40.1, IPv6 addresses: [], DNS: [192.168.40.1], search domains: 1, mtu: 1500}
2026-05-18T23:38:11.549268Z INFO shill[912]: INFO shill: [../../../../../tmp/portage/chromeos-base/shill-0.0.6-r5533/work/shill-0.0.6/shill/network/network.cc:343] wlan0 wifi_psk_1 sid=3 SetupConnection: family: IPv4, is_slaac: 0
2026-05-18T23:38:11.549789Z NOTICE wpa_supplicant[704]: wlan0: CTRL-EVENT-SIGNAL-CHANGE above=0 signal=-70 noise=9999 txrate=29200
2026-05-18T23:38:11.554001Z INFO patchpaneld[1913]: INFO patchpaneld: [../../../../../tmp/portage/chromeos-base/patchpanel-0.0.2-r1674/work/patchpanel-0.0.2/patchpanel/manager.cc:1098] ConfigureNetwork on wlan0(2, sid=3): {IPv4 address: 192.168.40.207/24, IPv4 broadcast: 192.168.40.255, IPv4 gateway: 192.168.40.1, IPv6 addresses: [], DNS: [192.168.40.1], search domains: 1, mtu: 1500}, priority {0, primary_logical, primary_physical, primary_for_dns}, area 0x70007
2026-05-18T23:38:11.557440Z INFO shill[912]: INFO shill: [../../../../../tmp/portage/chromeos-base/shill-0.0.6-r5533/work/shill-0.0.6/shill/network/network.cc:387] wlan0 wifi_psk_1 sid=3 OnSetupConnectionFinished: success: true
2026-05-18T23:38:11.814873Z INFO shill[912]: INFO shill: [../../../../../tmp/portage/chromeos-base/shill-0.0.6-r5533/work/shill-0.0.6/shill/network/network_monitor.cc:158] wlan0 wifi_psk_1 sid=3 StartValidationTask(NetworkConnectionUpdate)
2026-05-18T23:38:11.814957Z INFO shill[912]: INFO shill: [../../../../../tmp/portage/chromeos-base/shill-0.0.6-r5533/work/shill-0.0.6/shill/network/portal_detector.cc:169] wlan0 wifi_psk_1 sid=3 detection StartHttpProbe: { num_attempts=1, IPv4, HTTP probe connectivitycheck.gstatic.com in-flight, HTTPS probe not started, is_complete=false}
2026-05-18T23:38:11.815435Z INFO shill[912]: INFO shill: [../../../../../tmp/portage/chromeos-base/shill-0.0.6-r5533/work/shill-0.0.6/shill/network/portal_detector.cc:191] wlan0 wifi_psk_1 sid=3 detection StartHttpsProbe: { num_attempts=1, IPv4, HTTP probe connectivitycheck.gstatic.com in-flight, HTTPS probe www.google.com in-flight, is_complete=false}
2026-05-18T23:38:11.939854Z INFO shill[912]: INFO shill: [../../../../../tmp/portage/chromeos-base/shill-0.0.6-r5533/work/shill-0.0.6/shill/network/http_request.cc:252] wlan0 wifi_psk_1 sid=3 detection HTTP probe GetDNSResult: Resolved connectivitycheck.gstatic.com to 142.251.210.99 in 0.124651 s
2026-05-18T23:38:11.944225Z INFO shill[912]: INFO shill: [../../../../../tmp/portage/chromeos-base/shill-0.0.6-r5533/work/shill-0.0.6/shill/network/http_request.cc:252] wlan0 wifi_psk_1 sid=3 detection HTTPS probe GetDNSResult: Resolved www.google.com to 142.251.152.119,142.251.153.119,142.251.156.119,142.251.151.119,142.251.157.119,142.251.154.119,142.251.155.119,142.251.150.119 in 0.128658 s
2026-05-18T23:38:11.974924Z INFO shill[912]: INFO shill: [../../../../../tmp/portage/chromeos-base/shill-0.0.6-r5533/work/shill-0.0.6/shill/network/portal_detector.cc:272] wlan0 wifi_psk_1 sid=3 detection ProcessHTTPProbeResult: { num_attempts=1, IPv4, HTTP probe connectivitycheck.gstatic.com result=Success code=204 content-length=0 duration=0.159943 s, HTTPS probe www.google.com in-flight, is_complete=false}
2026-05-18T23:38:12.005407Z INFO shill[912]: INFO shill: [../../../../../tmp/portage/chromeos-base/shill-0.0.6-r5533/work/shill-0.0.6/shill/network/portal_detector.cc:287] wlan0 wifi_psk_1 sid=3 detection ProcessHTTPSProbeResult: { num_attempts=1, IPv4, HTTP probe connectivitycheck.gstatic.com result=Success code=204 content-length=0 duration=0.159943 s, HTTPS probe www.google.com result=Success duration=0.190447 s, is_complete=true}
2026-05-18T23:38:12.005710Z INFO shill[912]: INFO shill: [../../../../../tmp/portage/chromeos-base/shill-0.0.6-r5533/work/shill-0.0.6/shill/network/network.cc:1146] wlan0 wifi_psk_1 sid=3 OnNetworkMonitorResult: internet-connectivity -> internet-connectivity
2026-05-18T23:38:14.551888Z INFO shill[912]: INFO shill: [../../../../../tmp/portage/chromeos-base/shill-0.0.6-r5533/work/shill-0.0.6/shill/network/connection_diagnostics.cc:162] wlan0 wifi_psk_1 sid=3 reachability Start: Starting IPv4 diagnostics, url=none
2026-05-18T23:38:15.123661Z NOTICE wpa_supplicant[704]: wlan0: Considering within-ESS reassociation
2026-05-18T23:38:15.123679Z NOTICE wpa_supplicant[704]: wlan0: Current BSS: 06:e4:ce:e6:2e:b2 freq=5300 level=-71 snr=21 est_throughput=324252
2026-05-18T23:38:15.123691Z NOTICE wpa_supplicant[704]: wlan0: Selected BSS: 02:e4:ce:e6:2e:b1 freq=2412 level=-55 snr=34 est_throughput=129002
2026-05-18T23:38:15.124176Z INFO shill[912]: INFO shill: [../../../../../tmp/portage/chromeos-base/shill-0.0.6-r5533/work/shill-0.0.6/shill/wifi/wifi_service.cc:1497] unselected wifi_psk_122 sid=none UpdateFromEndpoints: sig: -59, sec: wpa2, freq: 2437
2026-05-18T23:38:15.124396Z NOTICE wpa_supplicant[704]: wlan0: Using signal poll values for the current BSS: level=-71 snr=21 est_throughput=324252
2026-05-18T23:38:15.124419Z NOTICE wpa_supplicant[704]: wlan0: Allow reassociation due to difference in signal level (16 >= 14)
2026-05-18T23:38:15.124437Z INFO shill[912]: INFO shill: [../../../../../tmp/portage/chromeos-base/shill-0.0.6-r5533/work/shill-0.0.6/shill/manager.cc:1496] Service wifi_psk_122 updated; state: Idle
2026-05-18T23:38:15.125206Z NOTICE wpa_supplicant[704]: SME: Trying to authenticate with 02:e4:ce:e6:2e:b1 (SSID='e811455728ef' freq=2412 MHz)
2026-05-18T23:38:15.125220Z INFO shill[912]: INFO shill: [../../../../../tmp/portage/chromeos-base/shill-0.0.6-r5533/work/shill-0.0.6/shill/wifi/wifi_service.cc:1497] unselected wifi_psk_123 sid=none UpdateFromEndpoints: sig: -82, sec: wpa2+wpa3, freq: 2447
2026-05-18T23:38:15.125473Z INFO shill[912]: INFO shill: [../../../../../tmp/portage/chromeos-base/shill-0.0.6-r5533/work/shill-0.0.6/shill/manager.cc:1496] Service wifi_psk_123 updated; state: Idle
2026-05-18T23:38:15.126162Z INFO shill[912]: INFO shill: [../../../../../tmp/portage/chromeos-base/shill-0.0.6-r5533/work/shill-0.0.6/shill/wifi/wifi.cc:535] ScanDone
2026-05-18T23:38:15.126679Z INFO shill[912]: INFO shill: [../../../../../tmp/portage/chromeos-base/shill-0.0.6-r5533/work/shill-0.0.6/shill/wifi/wifi_service.cc:1497] unselected wifi_psk_124 sid=none UpdateFromEndpoints: sig: -89, sec: wpa2, freq: 2412
2026-05-18T23:38:15.127394Z INFO shill[912]: INFO shill: [../../../../../tmp/portage/chromeos-base/shill-0.0.6-r5533/work/shill-0.0.6/shill/manager.cc:1496] Service wifi_psk_124 updated; state: Idle
2026-05-18T23:38:15.129714Z INFO shill[912]: INFO shill: [../../../../../tmp/portage/chromeos-base/shill-0.0.6-r5533/work/shill-0.0.6/shill/wifi/wifi_service.cc:1497] unselected wifi_none_125 sid=none UpdateFromEndpoints: sig: -90, sec: none, freq: 2442
2026-05-18T23:38:15.129926Z INFO shill[912]: INFO shill: [../../../../../tmp/portage/chromeos-base/shill-0.0.6-r5533/work/shill-0.0.6/shill/manager.cc:1496] Service wifi_none_125 updated; state: Idle
2026-05-18T23:38:15.134676Z INFO patchpaneld[1913]: INFO patchpaneld: [../../../../../tmp/portage/chromeos-base/patchpanel-0.0.2-r1674/work/patchpanel-0.0.2/patchpanel/shill_client.cc:319] Service /service/125 was not connected
2026-05-18T23:38:15.135708Z INFO patchpaneld[1913]: INFO patchpaneld: [../../../../../tmp/portage/chromeos-base/patchpanel-0.0.2-r1674/work/patchpanel-0.0.2/patchpanel/shill_client.cc:319] Service /service/122 was not connected
